[08:51:00] Doc extraction failed Annex G - Declaration by Grantees_Final.docx: Invalid \escape: line 4 column 30 (char 53)                graph.py:164
[18:45:46] Doc extraction failed VTS_DCS_Suntec Tender_AIS_AIAssistant_Proposal_v1.1.docx: timed out                                      graph.py:164
[23:23:25] Doc extraction failed 21Oct_DesignDrawings.pptx: timed out                                                                     graph.py:164
[11:22:30] Doc extraction failed CBM_MyBizSCoRE_Sample_Report.pdf: Expecting ':' delimiter: line 27 column 40 (char 2017)                 graph.py:164
[06:03:22] Doc extraction failed V1.1_ Musim Mas Effort Estimation.xlsx: timed out                                                        graph.py:164
[08:09:06] Doc extraction failed V3_Genie_Studio_NCTS-SAP_Workshop.pdf: timed out                                                         graph.py:164
[14:23:43] Doc extraction failed 19Nov26_SFF_Retrospective[Internal]-20251117195637.pdf: timed out                                        graph.py:164
[02:22:37] Doc extraction failed 17June2026_HRReview.txt: timed out                                                                 graph.py:164
[02:45:56] Doc extraction failed 20250621_ToDo.md: timed out                                                                        graph.py:164
[03:23:08] Doc extraction failed 20250625_ToDo.md: timed out                                                                        graph.py:164
[03:39:58] Doc extraction failed 20250629_ToDo.md: timed out                                                                        graph.py:164
[04:46:07] Doc extraction failed STEngg AI Control Checklist (Development Team).xlsx: timed out                                     graph.py:164
[04:56:07] Doc extraction failed STEngg_AI_Control_Checklist_MusimMas.xlsx: timed out                                               graph.py:164
[05:06:08] Doc extraction failed STEngg_AI_Control_Checklist_MusimMas.xlsx: timed out                                               graph.py:164
[05:16:08] Doc extraction failed STEngg Template for register of AI systems (Consolidated).xlsx: timed out                          graph.py:164
      Document extraction      
┏━━━━━━━━━━━━━━━━━━━━━┳━━━━━━━┓
┃ Field               ┃ Value ┃
┡━━━━━━━━━━━━━━━━━━━━━╇━━━━━━━┩
│ folder              │  None │
│ processed_documents │  1694 │
│ failed_documents    │    15 │
│ entities_seen       │ 13279 │
│ relationships_seen  │  6301 │
│ facts_seen          │  2851 │
│ snapshot_nodes      │  9559 │
│ snapshot_edges      │ 25262 │
└────────────────────      Document extraction      
┏━━━━━━━━━━━━━━━━━━━━━┳━━━━━━━┓
┃ Field               ┃ Value ┃
┡━━━━━━━━━━━━━━━━━━━━━╇━━━━━━━┩
│ folder              │  None │
│ processed_documents │  1690 │
│ failed_documents    │    19 │
│ entities_seen       │ 13188 │
│ relationships_seen  │  6260 │
│ facts_seen          │  2827 │
│ snapshot_nodes      │  9559 │
│ snapshot_edges      │ 25266 │
└─────────────────────┴───────┘
